[0.028s] Invoking command in '/home/phubadine/turtlebot3_ws/build/turtlebot3_navigation2': /usr/bin/cmake --build /home/phubadine/turtlebot3_ws/build/turtlebot3_navigation2 -- -j16 -l16
[0.045s] -- Found ament_cmake: 1.3.8 (/opt/ros/humble/share/ament_cmake/cmake)
[0.182s] -- Override CMake install command with custom implementation using symlinks instead of copying resources
[0.189s] -- Found rclpy: 3.3.12 (/opt/ros/humble/share/rclpy/cmake)
[0.243s] Error parsing '/home/phubadine/turtlebot3_ws/src/turtlebot3/turtlebot3_navigation2/package.xml':
[0.280s] Traceback (most recent call last):
[0.280s]   File "/usr/lib/python3/dist-packages/catkin_pkg/package.py", line 610, in parse_package_string
[0.280s]     root = dom.parseString(data)
[0.280s]   File "/usr/lib/python3.10/xml/dom/minidom.py", line 2000, in parseString
[0.281s]     return expatbuilder.parseString(string)
[0.281s]   File "/usr/lib/python3.10/xml/dom/expatbuilder.py", line 925, in parseString
[0.282s]     return builder.parseString(string)
[0.282s]   File "/usr/lib/python3.10/xml/dom/expatbuilder.py", line 223, in parseString
[0.282s]     parser.Parse(string, True)
[0.282s] xml.parsers.expat.ExpatError: mismatched tag: line 24, column 2
[0.282s] 
[0.282s] During handling of the above exception, another exception occurred:
[0.282s] 
[0.282s] Traceback (most recent call last):
[0.282s]   File "/opt/ros/humble/share/ament_cmake_core/cmake/core/package_xml_2_cmake.py", line 150, in <module>
[0.282s]     main()
[0.282s]   File "/opt/ros/humble/share/ament_cmake_core/cmake/core/package_xml_2_cmake.py", line 53, in main
[0.282s]     raise e
[0.282s]   File "/opt/ros/humble/share/ament_cmake_core/cmake/core/package_xml_2_cmake.py", line 49, in main
[0.282s]     package = parse_package_string(
[0.283s]   File "/usr/lib/python3/dist-packages/catkin_pkg/package.py", line 612, in parse_package_string
[0.283s]     raise InvalidPackage('The manifest contains invalid XML:\n%s' % ex, filename)
[0.283s] catkin_pkg.package.InvalidPackage: Error(s) in package '/home/phubadine/turtlebot3_ws/src/turtlebot3/turtlebot3_navigation2/package.xml':
[0.283s] The manifest contains invalid XML:
[0.283s] mismatched tag: line 24, column 2
[0.298s] -- Configuring incomplete, errors occurred!
[0.298s] See also "/home/phubadine/turtlebot3_ws/build/turtlebot3_navigation2/CMakeFiles/CMakeOutput.log".
[0.298s] [31mCMake Error at /opt/ros/humble/share/ament_cmake_core/cmake/core/ament_package_xml.cmake:95 (message):
[0.299s]   execute_process(/usr/bin/python3
[0.299s]   /opt/ros/humble/share/ament_cmake_core/cmake/core/package_xml_2_cmake.py
[0.299s]   /home/phubadine/turtlebot3_ws/src/turtlebot3/turtlebot3_navigation2/package.xml
[0.299s]   /home/phubadine/turtlebot3_ws/build/turtlebot3_navigation2/ament_cmake_core/package.cmake)
[0.299s]   returned error code 1
[0.299s] Call Stack (most recent call first):
[0.299s]   /opt/ros/humble/share/ament_cmake_core/cmake/core/ament_package_xml.cmake:49 (_ament_package_xml)
[0.299s]   /opt/ros/humble/share/ament_cmake_core/cmake/core/ament_package.cmake:63 (ament_package_xml)
[0.299s]   CMakeLists.txt:29 (ament_package)
[0.299s] 
[0.299s] [0m
[0.300s] gmake: *** [Makefile:226: cmake_check_build_system] Error 1
[0.308s] Invoked command in '/home/phubadine/turtlebot3_ws/build/turtlebot3_navigation2' returned '2': /usr/bin/cmake --build /home/phubadine/turtlebot3_ws/build/turtlebot3_navigation2 -- -j16 -l16
